PH floatpt NULL "C:/Users/Anmol Kulkarni/Desktop/Project/Floating_Point_Library-JHU-master/FloatPt.vhd" sub00/vhpl00 1461220164
EN mantissadivision NULL "C:/Users/Anmol Kulkarni/Desktop/Project/Floating_Point_Library-JHU-master/FloatPt.vhd" sub00/vhpl08 1461220172
EN top_module NULL "C:/Users/Anmol Kulkarni/Desktop/Project/DSDminiproject/Top_module.vhd" sub00/vhpl11 1461220175
EN fpp_add_sub NULL "C:/Users/Anmol Kulkarni/Desktop/Project/Floating_Point_Library-JHU-master/FloatPt.vhd" sub00/vhpl04 1461220168
EN fpp_mult NULL "C:/Users/Anmol Kulkarni/Desktop/Project/Floating_Point_Library-JHU-master/FloatPt.vhd" sub00/vhpl02 1461220166
AR fpp_add_sub arch "C:/Users/Anmol Kulkarni/Desktop/Project/Floating_Point_Library-JHU-master/FloatPt.vhd" sub00/vhpl05 1461220169
PH mypackage NULL "C:/Users/Anmol Kulkarni/Desktop/Project/DSDminiproject/mypackage.vhd" sub00/vhpl10 1461220174
AR fpp_mult arch "C:/Users/Anmol Kulkarni/Desktop/Project/Floating_Point_Library-JHU-master/FloatPt.vhd" sub00/vhpl03 1461220167
EN fpp_divide NULL "C:/Users/Anmol Kulkarni/Desktop/Project/Floating_Point_Library-JHU-master/FloatPt.vhd" sub00/vhpl06 1461220170
PB floatpt floatpt "C:/Users/Anmol Kulkarni/Desktop/Project/Floating_Point_Library-JHU-master/FloatPt.vhd" sub00/vhpl01 1461220165
AR top_module behavioral "C:/Users/Anmol Kulkarni/Desktop/Project/DSDminiproject/Top_module.vhd" sub00/vhpl12 1461220176
AR fpp_divide arch "C:/Users/Anmol Kulkarni/Desktop/Project/Floating_Point_Library-JHU-master/FloatPt.vhd" sub00/vhpl07 1461220171
AR mantissadivision arch "C:/Users/Anmol Kulkarni/Desktop/Project/Floating_Point_Library-JHU-master/FloatPt.vhd" sub00/vhpl09 1461220173
