V3 23
FL "C:/Users/Anmol Kulkarni/Desktop/Project/Floating_Point_Library-JHU-master/FloatPt.vhd" 2016/04/16.14:42:18 I.24
PH work/FloatPt 1461220164 \
      FL "C:/Users/Anmol Kulkarni/Desktop/Project/Floating_Point_Library-JHU-master/FloatPt.vhd" \
      PB ieee/std_logic_1164 1131108373 PH ieee/NUMERIC_STD 1131108384 CD FPP_MULT \
      CD FPP_ADD_SUB    CD FPP_DIVIDE     CD MantissaDivision
PB work/FloatPt 1461220165 \
      FL "C:/Users/Anmol Kulkarni/Desktop/Project/Floating_Point_Library-JHU-master/FloatPt.vhd" \
      PH work/FloatPt 1461220164 PB ieee/std_logic_1164 1131108373 \
      PH ieee/NUMERIC_STD 1131108384
EN work/FPP_MULT 1461220166 \
      FL "C:/Users/Anmol Kulkarni/Desktop/Project/Floating_Point_Library-JHU-master/FloatPt.vhd" \
      PB ieee/std_logic_1164 1131108373 PH ieee/NUMERIC_STD 1131108384
AR work/FPP_MULT/ARCH 1461220167 \
      FL "C:/Users/Anmol Kulkarni/Desktop/Project/Floating_Point_Library-JHU-master/FloatPt.vhd" \
      EN work/FPP_MULT 1461220166
EN work/FPP_ADD_SUB 1461220168 \
      FL "C:/Users/Anmol Kulkarni/Desktop/Project/Floating_Point_Library-JHU-master/FloatPt.vhd" \
      PB ieee/std_logic_1164 1131108373 PH ieee/NUMERIC_STD 1131108384
AR work/FPP_ADD_SUB/Arch 1461220169 \
      FL "C:/Users/Anmol Kulkarni/Desktop/Project/Floating_Point_Library-JHU-master/FloatPt.vhd" \
      EN work/FPP_ADD_SUB 1461220168
EN work/FPP_DIVIDE 1461220170 \
      FL "C:/Users/Anmol Kulkarni/Desktop/Project/Floating_Point_Library-JHU-master/FloatPt.vhd" \
      PB ieee/std_logic_1164 1131108373 PH ieee/NUMERIC_STD 1131108384 \
      PB work/FloatPt 1461220165
AR work/FPP_DIVIDE/Arch 1461220171 \
      FL "C:/Users/Anmol Kulkarni/Desktop/Project/Floating_Point_Library-JHU-master/FloatPt.vhd" \
      EN work/FPP_DIVIDE 1461220170 CP MantissaDivision
EN work/MantissaDivision 1461220172 \
      FL "C:/Users/Anmol Kulkarni/Desktop/Project/Floating_Point_Library-JHU-master/FloatPt.vhd" \
      PB ieee/std_logic_1164 1131108373 PH ieee/NUMERIC_STD 1131108384
AR work/MantissaDivision/arch 1461220173 \
      FL "C:/Users/Anmol Kulkarni/Desktop/Project/Floating_Point_Library-JHU-master/FloatPt.vhd" \
      EN work/MantissaDivision 1461220172
FL "C:/Users/Anmol Kulkarni/Desktop/Project/DSDminiproject/mypackage.vhd" 2016/04/17.12:25:10 I.24
PH work/mypackage 1461220174 \
      FL "C:/Users/Anmol Kulkarni/Desktop/Project/DSDminiproject/mypackage.vhd" \
      PB ieee/std_logic_1164 1131108373
FL "C:/Users/Anmol Kulkarni/Desktop/Project/DSDminiproject/Top_module.vhd" 2016/04/21.11:59:01 I.24
EN work/Top_module 1461220175 \
      FL "C:/Users/Anmol Kulkarni/Desktop/Project/DSDminiproject/Top_module.vhd" \
      PB ieee/std_logic_1164 1131108373 PB ieee/std_logic_arith 1131108375 \
      PB ieee/STD_LOGIC_UNSIGNED 1131108379 PB work/FloatPt 1461220165 \
      PH work/mypackage 1461220174
AR work/Top_module/Behavioral 1461220176 \
      FL "C:/Users/Anmol Kulkarni/Desktop/Project/DSDminiproject/Top_module.vhd" \
      EN work/Top_module 1461220175 CP train_weights CP feedforward
