EN syn_0_update NULL "C:/Users/Anmol Kulkarni/Desktop/Project/DSDminiproject/syn_0_update.vhd" sub00/vhpl19 1461318585
AR feedforward behavioral "C:/Users/Anmol Kulkarni/Desktop/Project/DSDminiproject/feedforward.vhd" sub00/vhpl28 1461220160
AR syn_1_update behavioral "C:/Users/Anmol Kulkarni/Desktop/Project/DSDminiproject/syn_1_update.vhd" sub00/vhpl18 1461318584
EN feedforward NULL "C:/Users/Anmol Kulkarni/Desktop/Project/DSDminiproject/feedforward.vhd" sub00/vhpl27 1461220159
AR l1delta behavioral "C:/Users/Anmol Kulkarni/Desktop/Project/DSDminiproject/l1delta.vhd" sub00/vhpl24 1461220285
PH floatpt NULL "C:/Users/Anmol Kulkarni/Desktop/Project/Floating_Point_Library-JHU-master/FloatPt.vhd" sub00/vhpl00 1461318565
EN mantissadivision NULL "C:/Users/Anmol Kulkarni/Desktop/Project/Floating_Point_Library-JHU-master/FloatPt.vhd" sub00/vhpl08 1461318573
EN top_module NULL "C:/Users/Anmol Kulkarni/Desktop/Project/DSDminiproject/Top_module.vhd" sub00/vhpl29 1461220161
EN fpp_add_sub NULL "C:/Users/Anmol Kulkarni/Desktop/Project/Floating_Point_Library-JHU-master/FloatPt.vhd" sub00/vhpl04 1461318569
AR layer_2 behavioral "C:/Users/Anmol Kulkarni/Desktop/Project/DSDminiproject/layer2.vhd" sub00/vhpl14 1461318578
EN fpp_mult NULL "C:/Users/Anmol Kulkarni/Desktop/Project/Floating_Point_Library-JHU-master/FloatPt.vhd" sub00/vhpl02 1461318567
EN layer1 NULL "C:/Users/Anmol Kulkarni/Desktop/Project/DSDminiproject/layer1.vhd" sub00/vhpl11 1461318575
AR fpp_add_sub arch "C:/Users/Anmol Kulkarni/Desktop/Project/Floating_Point_Library-JHU-master/FloatPt.vhd" sub00/vhpl05 1461318570
PH mypackage NULL "C:/Users/Anmol Kulkarni/Desktop/Project/DSDminiproject/mypackage.vhd" sub00/vhpl10 1461318564
AR fpp_mult arch "C:/Users/Anmol Kulkarni/Desktop/Project/Floating_Point_Library-JHU-master/FloatPt.vhd" sub00/vhpl03 1461318568
AR train_weights behavioral "C:/Users/Anmol Kulkarni/Desktop/Project/DSDminiproject/train_weights.vhd" sub00/vhpl26 1461318588
EN fpp_divide NULL "C:/Users/Anmol Kulkarni/Desktop/Project/Floating_Point_Library-JHU-master/FloatPt.vhd" sub00/vhpl06 1461318571
PB floatpt floatpt "C:/Users/Anmol Kulkarni/Desktop/Project/Floating_Point_Library-JHU-master/FloatPt.vhd" sub00/vhpl01 1461318566
AR syn_0_update behavioral "C:/Users/Anmol Kulkarni/Desktop/Project/DSDminiproject/syn_0_update.vhd" sub00/vhpl20 1461318586
EN l1delta NULL "C:/Users/Anmol Kulkarni/Desktop/Project/DSDminiproject/l1delta.vhd" sub00/vhpl23 1461220284
EN train_weights NULL "C:/Users/Anmol Kulkarni/Desktop/Project/DSDminiproject/train_weights.vhd" sub00/vhpl25 1461318587
AR top_module behavioral "C:/Users/Anmol Kulkarni/Desktop/Project/DSDminiproject/Top_module.vhd" sub00/vhpl30 1461220162
AR l1_error behavioral "C:/Users/Anmol Kulkarni/Desktop/Project/DSDminiproject/l1_error.vhd" sub00/vhpl16 1461318582
EN syn_1_update NULL "C:/Users/Anmol Kulkarni/Desktop/Project/DSDminiproject/syn_1_update.vhd" sub00/vhpl17 1461318583
EN l2delta NULL "C:/Users/Anmol Kulkarni/Desktop/Project/DSDminiproject/l2delta.vhd" sub00/vhpl21 1461318579
EN layer_2 NULL "C:/Users/Anmol Kulkarni/Desktop/Project/DSDminiproject/layer2.vhd" sub00/vhpl13 1461318577
AR layer1 behavioral "C:/Users/Anmol Kulkarni/Desktop/Project/DSDminiproject/layer1.vhd" sub00/vhpl12 1461318576
AR l2delta behavioral "C:/Users/Anmol Kulkarni/Desktop/Project/DSDminiproject/l2delta.vhd" sub00/vhpl22 1461318580
AR fpp_divide arch "C:/Users/Anmol Kulkarni/Desktop/Project/Floating_Point_Library-JHU-master/FloatPt.vhd" sub00/vhpl07 1461318572
AR mantissadivision arch "C:/Users/Anmol Kulkarni/Desktop/Project/Floating_Point_Library-JHU-master/FloatPt.vhd" sub00/vhpl09 1461318574
EN l1_error NULL "C:/Users/Anmol Kulkarni/Desktop/Project/DSDminiproject/l1_error.vhd" sub00/vhpl15 1461318581
