EN syn_0_update NULL "C:/Users/Anmol Kulkarni/Desktop/Project/DSDminiproject/syn_0_update.vhd" sub00/vhpl11 1461211115
AR syn_1_update behavioral "C:/Users/Anmol Kulkarni/Desktop/Project/DSDminiproject/syn_1_update.vhd" sub00/vhpl24 1461211114
AR l1delta behavioral "C:/Users/Anmol Kulkarni/Desktop/Project/DSDminiproject/l1delta.vhd" sub00/vhpl22 1461211112
PH floatpt NULL "C:/Users/Anmol Kulkarni/Desktop/Project/Floating_Point_Library-JHU-master/FloatPt.vhd" sub00/vhpl01 1461096025
EN mantissadivision NULL "C:/Users/Anmol Kulkarni/Desktop/Project/Floating_Point_Library-JHU-master/FloatPt.vhd" sub00/vhpl09 1461096033
EN fpp_add_sub NULL "C:/Users/Anmol Kulkarni/Desktop/Project/Floating_Point_Library-JHU-master/FloatPt.vhd" sub00/vhpl05 1461096029
AR layer_2 behavioral "C:/Users/Anmol Kulkarni/Desktop/Project/DSDminiproject/layer2.vhd" sub00/vhpl16 1461211106
EN layer1 NULL "C:/Users/Anmol Kulkarni/Desktop/Project/DSDminiproject/layer1.vhd" sub00/vhpl13 1461211103
EN fpp_mult NULL "C:/Users/Anmol Kulkarni/Desktop/Project/Floating_Point_Library-JHU-master/FloatPt.vhd" sub00/vhpl03 1461096027
AR fpp_add_sub arch "C:/Users/Anmol Kulkarni/Desktop/Project/Floating_Point_Library-JHU-master/FloatPt.vhd" sub00/vhpl06 1461096030
PH mypackage NULL "C:/Users/Anmol Kulkarni/Desktop/Project/DSDminiproject/mypackage.vhd" sub00/vhpl00 1461096024
AR fpp_mult arch "C:/Users/Anmol Kulkarni/Desktop/Project/Floating_Point_Library-JHU-master/FloatPt.vhd" sub00/vhpl04 1461096028
EN fpp_divide NULL "C:/Users/Anmol Kulkarni/Desktop/Project/Floating_Point_Library-JHU-master/FloatPt.vhd" sub00/vhpl07 1461096031
PB floatpt floatpt "C:/Users/Anmol Kulkarni/Desktop/Project/Floating_Point_Library-JHU-master/FloatPt.vhd" sub00/vhpl02 1461096026
AR syn_0_update behavioral "C:/Users/Anmol Kulkarni/Desktop/Project/DSDminiproject/syn_0_update.vhd" sub00/vhpl12 1461211116
EN l1delta NULL "C:/Users/Anmol Kulkarni/Desktop/Project/DSDminiproject/l1delta.vhd" sub00/vhpl21 1461211111
EN train_weights NULL "C:/Users/Anmol Kulkarni/Desktop/Project/DSDminiproject/train_weights.vhd" sub00/vhpl25 1461211117
AR l1_error behavioral "C:/Users/Anmol Kulkarni/Desktop/Project/DSDminiproject/l1_error.vhd" sub00/vhpl20 1461211110
EN syn_1_update NULL "C:/Users/Anmol Kulkarni/Desktop/Project/DSDminiproject/syn_1_update.vhd" sub00/vhpl23 1461211113
EN l2delta NULL "C:/Users/Anmol Kulkarni/Desktop/Project/DSDminiproject/l2delta.vhd" sub00/vhpl17 1461211107
EN layer_2 NULL "C:/Users/Anmol Kulkarni/Desktop/Project/DSDminiproject/layer2.vhd" sub00/vhpl15 1461211105
AR layer1 behavioral "C:/Users/Anmol Kulkarni/Desktop/Project/DSDminiproject/layer1.vhd" sub00/vhpl14 1461211104
AR l2delta behavioral "C:/Users/Anmol Kulkarni/Desktop/Project/DSDminiproject/l2delta.vhd" sub00/vhpl18 1461211108
AR fpp_divide arch "C:/Users/Anmol Kulkarni/Desktop/Project/Floating_Point_Library-JHU-master/FloatPt.vhd" sub00/vhpl08 1461096032
AR mantissadivision arch "C:/Users/Anmol Kulkarni/Desktop/Project/Floating_Point_Library-JHU-master/FloatPt.vhd" sub00/vhpl10 1461096034
EN l1_error NULL "C:/Users/Anmol Kulkarni/Desktop/Project/DSDminiproject/l1_error.vhd" sub00/vhpl19 1461211109
